<?xml version="1.0" encoding="UTF-8"?>
<testsuites>
	<testsuite name="MyGoogleTest-20260112030333" tests="1" file=".py" time="8.084" timestamp="2026-01-12T03:03:41" failures="0" errors="0" skipped="0">
		<testcase classname="MyGoogleTest" name="test_01" time="8.084" timestamp="2026-01-12T03:03:41" file="google_test.py" line="8"/>
	</testsuite>
</testsuites>
